MPLINK 5.08, LINKER
Linker Map File - Created Mon May 01 20:19:19 2023

                                 Section Info
                  Section       Type    Address   Location Size(Bytes)
                ---------  ---------  ---------  ---------  ---------
                   .org_0       code   0x000000    program   0x000028
                   .cinit    romdata   0x000014    program   0x000004
.config_2007_BUILD/DEFAULT/PRODUCTION/TIMER0_       code   0x002007    program   0x000002



                              Program Memory Usage 
                               Start         End      
                           ---------   ---------      
                            0x000000    0x000015      
                            0x002007    0x002007      
            23 out of 1094 program addresses used, program memory utilization is 2%



                              Symbols - Sorted by Name
                     Name    Address   Location    Storage File                     
                ---------  ---------  ---------  --------- ---------                
                   INICIO   0x000000    program     static C:\MPLAB\TIMER0_TEMPORALIZADOR.X\TIMER0_TEMPORALIZADOR.asm
                    START   0x000005    program     static C:\MPLAB\TIMER0_TEMPORALIZADOR.X\TIMER0_TEMPORALIZADOR.asm
              Timer0_10ms   0x00000e    program     static C:\MPLAB\TIMER0_TEMPORALIZADOR.X\TIMER0_TEMPORALIZADOR.asm
    Timer0_Desbordamiento   0x000011    program     static C:\MPLAB\TIMER0_TEMPORALIZADOR.X\TIMER0_TEMPORALIZADOR.asm



                              Symbols - Sorted by Address
                     Name    Address   Location    Storage File                     
                ---------  ---------  ---------  --------- ---------                
                   INICIO   0x000000    program     static C:\MPLAB\TIMER0_TEMPORALIZADOR.X\TIMER0_TEMPORALIZADOR.asm
                    START   0x000005    program     static C:\MPLAB\TIMER0_TEMPORALIZADOR.X\TIMER0_TEMPORALIZADOR.asm
              Timer0_10ms   0x00000e    program     static C:\MPLAB\TIMER0_TEMPORALIZADOR.X\TIMER0_TEMPORALIZADOR.asm
    Timer0_Desbordamiento   0x000011    program     static C:\MPLAB\TIMER0_TEMPORALIZADOR.X\TIMER0_TEMPORALIZADOR.asm


