MPLINK 5.08, LINKER
Linker Map File - Created Mon May 08 13:09:37 2023

                                 Section Info
                  Section       Type    Address   Location Size(Bytes)
                ---------  ---------  ---------  ---------  ---------
                   .org_0       code   0x000000    program   0x000148
                   .cinit    romdata   0x0000a4    program   0x000004
.config_2007_BUILD/DEFAULT/PRODUCTION/CONTADO       code   0x002007    program   0x000002



                              Program Memory Usage 
                               Start         End      
                           ---------   ---------      
                            0x000000    0x0000a5      
                            0x002007    0x002007      
            167 out of 1094 program addresses used, program memory utilization is 15%



                              Symbols - Sorted by Name
                     Name    Address   Location    Storage File                     
                ---------  ---------  ---------  --------- ---------                
       ASCII_a_7Segmentos   0x000018    program     static C:\SP_PROGRAMAS_UNIDAD4\Assembler-Pic16F84A\Librerias\DISPLAY_7S.INC
                    FINAL   0x00000c    program     static C:\SP_PROGRAMAS_UNIDAD4\CONTADOR Y REBOTES\contador_y_rebotes.X\contador_y_rebotes.asm
            FinTablaASCII   0x00005d    program     static C:\SP_PROGRAMAS_UNIDAD4\Assembler-Pic16F84A\Librerias\DISPLAY_7S.INC
        INCREMENTA_CUENTA   0x00000d    program     static C:\SP_PROGRAMAS_UNIDAD4\CONTADOR Y REBOTES\contador_y_rebotes.X\contador_y_rebotes.asm
                   INICIO   0x000000    program     static C:\SP_PROGRAMAS_UNIDAD4\CONTADOR Y REBOTES\contador_y_rebotes.X\contador_y_rebotes.asm
            INICIO_CUENTA   0x000011    program     static C:\SP_PROGRAMAS_UNIDAD4\CONTADOR Y REBOTES\contador_y_rebotes.X\contador_y_rebotes.asm
         InicioTablaASCII   0x00002d    program     static C:\SP_PROGRAMAS_UNIDAD4\Assembler-Pic16F84A\Librerias\DISPLAY_7S.INC
      Numero_a_7Segmentos   0x000016    program     static C:\SP_PROGRAMAS_UNIDAD4\Assembler-Pic16F84A\Librerias\DISPLAY_7S.INC
    R1Decima_BucleExterno   0x00009a    program     static C:\SP_PROGRAMAS_UNIDAD4\Assembler-Pic16F84A\Librerias\RETARDOS.INC
   R1Decima_BucleExterno2   0x000098    program     static C:\SP_PROGRAMAS_UNIDAD4\Assembler-Pic16F84A\Librerias\RETARDOS.INC
    R1Decima_BucleInterno   0x00009c    program     static C:\SP_PROGRAMAS_UNIDAD4\Assembler-Pic16F84A\Librerias\RETARDOS.INC
        R1ms_BucleExterno   0x000084    program     static C:\SP_PROGRAMAS_UNIDAD4\Assembler-Pic16F84A\Librerias\RETARDOS.INC
        R1ms_BucleInterno   0x000086    program     static C:\SP_PROGRAMAS_UNIDAD4\Assembler-Pic16F84A\Librerias\RETARDOS.INC
            RetardoMicros   0x000070    program     static C:\SP_PROGRAMAS_UNIDAD4\Assembler-Pic16F84A\Librerias\RETARDOS.INC
        Retardo_100micros   0x00006a    program     static C:\SP_PROGRAMAS_UNIDAD4\Assembler-Pic16F84A\Librerias\RETARDOS.INC
            Retardo_100ms   0x000076    program     static C:\SP_PROGRAMAS_UNIDAD4\Assembler-Pic16F84A\Librerias\RETARDOS.INC
         Retardo_10micros   0x00005d    program     static C:\SP_PROGRAMAS_UNIDAD4\Assembler-Pic16F84A\Librerias\RETARDOS.INC
             Retardo_10ms   0x00007c    program     static C:\SP_PROGRAMAS_UNIDAD4\Assembler-Pic16F84A\Librerias\RETARDOS.INC
              Retardo_10s   0x00008e    program     static C:\SP_PROGRAMAS_UNIDAD4\Assembler-Pic16F84A\Librerias\RETARDOS.INC
          Retardo_1Decima   0x000097    program     static C:\SP_PROGRAMAS_UNIDAD4\Assembler-Pic16F84A\Librerias\RETARDOS.INC
              Retardo_1ms   0x000082    program     static C:\SP_PROGRAMAS_UNIDAD4\Assembler-Pic16F84A\Librerias\RETARDOS.INC
               Retardo_1s   0x000094    program     static C:\SP_PROGRAMAS_UNIDAD4\Assembler-Pic16F84A\Librerias\RETARDOS.INC
        Retardo_200micros   0x000067    program     static C:\SP_PROGRAMAS_UNIDAD4\Assembler-Pic16F84A\Librerias\RETARDOS.INC
            Retardo_200ms   0x000074    program     static C:\SP_PROGRAMAS_UNIDAD4\Assembler-Pic16F84A\Librerias\RETARDOS.INC
         Retardo_20micros   0x00006f    program     static C:\SP_PROGRAMAS_UNIDAD4\Assembler-Pic16F84A\Librerias\RETARDOS.INC
             Retardo_20ms   0x00007a    program     static C:\SP_PROGRAMAS_UNIDAD4\Assembler-Pic16F84A\Librerias\RETARDOS.INC
              Retardo_20s   0x00008c    program     static C:\SP_PROGRAMAS_UNIDAD4\Assembler-Pic16F84A\Librerias\RETARDOS.INC
              Retardo_2ms   0x000080    program     static C:\SP_PROGRAMAS_UNIDAD4\Assembler-Pic16F84A\Librerias\RETARDOS.INC
               Retardo_2s   0x000092    program     static C:\SP_PROGRAMAS_UNIDAD4\Assembler-Pic16F84A\Librerias\RETARDOS.INC
          Retardo_4micros   0x000063    program     static C:\SP_PROGRAMAS_UNIDAD4\Assembler-Pic16F84A\Librerias\RETARDOS.INC
        Retardo_500micros   0x000064    program     static C:\SP_PROGRAMAS_UNIDAD4\Assembler-Pic16F84A\Librerias\RETARDOS.INC
            Retardo_500ms   0x000096    program     static C:\SP_PROGRAMAS_UNIDAD4\Assembler-Pic16F84A\Librerias\RETARDOS.INC
         Retardo_50micros   0x00006c    program     static C:\SP_PROGRAMAS_UNIDAD4\Assembler-Pic16F84A\Librerias\RETARDOS.INC
             Retardo_50ms   0x000078    program     static C:\SP_PROGRAMAS_UNIDAD4\Assembler-Pic16F84A\Librerias\RETARDOS.INC
          Retardo_5micros   0x000062    program     static C:\SP_PROGRAMAS_UNIDAD4\Assembler-Pic16F84A\Librerias\RETARDOS.INC
              Retardo_5ms   0x00007e    program     static C:\SP_PROGRAMAS_UNIDAD4\Assembler-Pic16F84A\Librerias\RETARDOS.INC
               Retardo_5s   0x000090    program     static C:\SP_PROGRAMAS_UNIDAD4\Assembler-Pic16F84A\Librerias\RETARDOS.INC
              Retardos_ms   0x000083    program     static C:\SP_PROGRAMAS_UNIDAD4\Assembler-Pic16F84A\Librerias\RETARDOS.INC
            Rmicros_Bucle   0x000071    program     static C:\SP_PROGRAMAS_UNIDAD4\Assembler-Pic16F84A\Librerias\RETARDOS.INC
                    START   0x000005    program     static C:\SP_PROGRAMAS_UNIDAD4\CONTADOR Y REBOTES\contador_y_rebotes.X\contador_y_rebotes.asm
               VISUALIZAR   0x000012    program     static C:\SP_PROGRAMAS_UNIDAD4\CONTADOR Y REBOTES\contador_y_rebotes.X\contador_y_rebotes.asm



                              Symbols - Sorted by Address
                     Name    Address   Location    Storage File                     
                ---------  ---------  ---------  --------- ---------                
                   INICIO   0x000000    program     static C:\SP_PROGRAMAS_UNIDAD4\CONTADOR Y REBOTES\contador_y_rebotes.X\contador_y_rebotes.asm
                    START   0x000005    program     static C:\SP_PROGRAMAS_UNIDAD4\CONTADOR Y REBOTES\contador_y_rebotes.X\contador_y_rebotes.asm
                    FINAL   0x00000c    program     static C:\SP_PROGRAMAS_UNIDAD4\CONTADOR Y REBOTES\contador_y_rebotes.X\contador_y_rebotes.asm
        INCREMENTA_CUENTA   0x00000d    program     static C:\SP_PROGRAMAS_UNIDAD4\CONTADOR Y REBOTES\contador_y_rebotes.X\contador_y_rebotes.asm
            INICIO_CUENTA   0x000011    program     static C:\SP_PROGRAMAS_UNIDAD4\CONTADOR Y REBOTES\contador_y_rebotes.X\contador_y_rebotes.asm
               VISUALIZAR   0x000012    program     static C:\SP_PROGRAMAS_UNIDAD4\CONTADOR Y REBOTES\contador_y_rebotes.X\contador_y_rebotes.asm
      Numero_a_7Segmentos   0x000016    program     static C:\SP_PROGRAMAS_UNIDAD4\Assembler-Pic16F84A\Librerias\DISPLAY_7S.INC
       ASCII_a_7Segmentos   0x000018    program     static C:\SP_PROGRAMAS_UNIDAD4\Assembler-Pic16F84A\Librerias\DISPLAY_7S.INC
         InicioTablaASCII   0x00002d    program     static C:\SP_PROGRAMAS_UNIDAD4\Assembler-Pic16F84A\Librerias\DISPLAY_7S.INC
            FinTablaASCII   0x00005d    program     static C:\SP_PROGRAMAS_UNIDAD4\Assembler-Pic16F84A\Librerias\DISPLAY_7S.INC
         Retardo_10micros   0x00005d    program     static C:\SP_PROGRAMAS_UNIDAD4\Assembler-Pic16F84A\Librerias\RETARDOS.INC
          Retardo_5micros   0x000062    program     static C:\SP_PROGRAMAS_UNIDAD4\Assembler-Pic16F84A\Librerias\RETARDOS.INC
          Retardo_4micros   0x000063    program     static C:\SP_PROGRAMAS_UNIDAD4\Assembler-Pic16F84A\Librerias\RETARDOS.INC
        Retardo_500micros   0x000064    program     static C:\SP_PROGRAMAS_UNIDAD4\Assembler-Pic16F84A\Librerias\RETARDOS.INC
        Retardo_200micros   0x000067    program     static C:\SP_PROGRAMAS_UNIDAD4\Assembler-Pic16F84A\Librerias\RETARDOS.INC
        Retardo_100micros   0x00006a    program     static C:\SP_PROGRAMAS_UNIDAD4\Assembler-Pic16F84A\Librerias\RETARDOS.INC
         Retardo_50micros   0x00006c    program     static C:\SP_PROGRAMAS_UNIDAD4\Assembler-Pic16F84A\Librerias\RETARDOS.INC
         Retardo_20micros   0x00006f    program     static C:\SP_PROGRAMAS_UNIDAD4\Assembler-Pic16F84A\Librerias\RETARDOS.INC
            RetardoMicros   0x000070    program     static C:\SP_PROGRAMAS_UNIDAD4\Assembler-Pic16F84A\Librerias\RETARDOS.INC
            Rmicros_Bucle   0x000071    program     static C:\SP_PROGRAMAS_UNIDAD4\Assembler-Pic16F84A\Librerias\RETARDOS.INC
            Retardo_200ms   0x000074    program     static C:\SP_PROGRAMAS_UNIDAD4\Assembler-Pic16F84A\Librerias\RETARDOS.INC
            Retardo_100ms   0x000076    program     static C:\SP_PROGRAMAS_UNIDAD4\Assembler-Pic16F84A\Librerias\RETARDOS.INC
             Retardo_50ms   0x000078    program     static C:\SP_PROGRAMAS_UNIDAD4\Assembler-Pic16F84A\Librerias\RETARDOS.INC
             Retardo_20ms   0x00007a    program     static C:\SP_PROGRAMAS_UNIDAD4\Assembler-Pic16F84A\Librerias\RETARDOS.INC
             Retardo_10ms   0x00007c    program     static C:\SP_PROGRAMAS_UNIDAD4\Assembler-Pic16F84A\Librerias\RETARDOS.INC
              Retardo_5ms   0x00007e    program     static C:\SP_PROGRAMAS_UNIDAD4\Assembler-Pic16F84A\Librerias\RETARDOS.INC
              Retardo_2ms   0x000080    program     static C:\SP_PROGRAMAS_UNIDAD4\Assembler-Pic16F84A\Librerias\RETARDOS.INC
              Retardo_1ms   0x000082    program     static C:\SP_PROGRAMAS_UNIDAD4\Assembler-Pic16F84A\Librerias\RETARDOS.INC
              Retardos_ms   0x000083    program     static C:\SP_PROGRAMAS_UNIDAD4\Assembler-Pic16F84A\Librerias\RETARDOS.INC
        R1ms_BucleExterno   0x000084    program     static C:\SP_PROGRAMAS_UNIDAD4\Assembler-Pic16F84A\Librerias\RETARDOS.INC
        R1ms_BucleInterno   0x000086    program     static C:\SP_PROGRAMAS_UNIDAD4\Assembler-Pic16F84A\Librerias\RETARDOS.INC
              Retardo_20s   0x00008c    program     static C:\SP_PROGRAMAS_UNIDAD4\Assembler-Pic16F84A\Librerias\RETARDOS.INC
              Retardo_10s   0x00008e    program     static C:\SP_PROGRAMAS_UNIDAD4\Assembler-Pic16F84A\Librerias\RETARDOS.INC
               Retardo_5s   0x000090    program     static C:\SP_PROGRAMAS_UNIDAD4\Assembler-Pic16F84A\Librerias\RETARDOS.INC
               Retardo_2s   0x000092    program     static C:\SP_PROGRAMAS_UNIDAD4\Assembler-Pic16F84A\Librerias\RETARDOS.INC
               Retardo_1s   0x000094    program     static C:\SP_PROGRAMAS_UNIDAD4\Assembler-Pic16F84A\Librerias\RETARDOS.INC
            Retardo_500ms   0x000096    program     static C:\SP_PROGRAMAS_UNIDAD4\Assembler-Pic16F84A\Librerias\RETARDOS.INC
          Retardo_1Decima   0x000097    program     static C:\SP_PROGRAMAS_UNIDAD4\Assembler-Pic16F84A\Librerias\RETARDOS.INC
   R1Decima_BucleExterno2   0x000098    program     static C:\SP_PROGRAMAS_UNIDAD4\Assembler-Pic16F84A\Librerias\RETARDOS.INC
    R1Decima_BucleExterno   0x00009a    program     static C:\SP_PROGRAMAS_UNIDAD4\Assembler-Pic16F84A\Librerias\RETARDOS.INC
    R1Decima_BucleInterno   0x00009c    program     static C:\SP_PROGRAMAS_UNIDAD4\Assembler-Pic16F84A\Librerias\RETARDOS.INC


