MPLINK 5.08, LINKER
Linker Map File - Created Wed May 17 21:24:10 2023

                                 Section Info
                  Section       Type    Address   Location Size(Bytes)
                ---------  ---------  ---------  ---------  ---------
                   .org_0       code   0x000000    program   0x000206
                   .cinit    romdata   0x000103    program   0x000004
.config_2007_BUILD/DEFAULT/PRODUCTION/LCD.O       code   0x002007    program   0x000002



                              Program Memory Usage 
                               Start         End      
                           ---------   ---------      
                            0x000000    0x000104      
                            0x002007    0x002007      
            262 out of 1094 program addresses used, program memory utilization is 23%



                              Symbols - Sorted by Name
                     Name    Address   Location    Storage File                     
                ---------  ---------  ---------  --------- ---------                
                   INICIO   0x000000    program     static C:\SP_PROGRAMAS\U5\ma_lcd_2lineas\LCD.X\LCD.asm
      LCD_2Lineas4Bits5x7   0x000076    program     static C:\Assembler-Pic16F84A\Librerias\LCD.INC
                LCD_Borra   0x000074    program     static C:\Assembler-Pic16F84A\Librerias\LCD.INC
                 LCD_Byte   0x0000a6    program     static C:\Assembler-Pic16F84A\Librerias\LCD.INC
         LCD_ByteCompleto   0x0000ad    program     static C:\Assembler-Pic16F84A\Librerias\LCD.INC
             LCD_Caracter   0x000079    program     static C:\Assembler-Pic16F84A\Librerias\LCD.INC
          LCD_CodigoCGROM   0x000083    program     static C:\Assembler-Pic16F84A\Librerias\LCD.INC
           LCD_CursorIncr   0x000064    program     static C:\Assembler-Pic16F84A\Librerias\LCD.INC
            LCD_CursorOFF   0x000072    program     static C:\Assembler-Pic16F84A\Librerias\LCD.INC
             LCD_CursorON   0x000070    program     static C:\Assembler-Pic16F84A\Librerias\LCD.INC
   LCD_DosEspaciosBlancos   0x00009d    program     static C:\Assembler-Pic16F84A\Librerias\LCD.INC
        LCD_EnheMayuscula   0x00008a    program     static C:\Assembler-Pic16F84A\Librerias\LCD.INC
        LCD_EnheMinuscula   0x000084    program     static C:\Assembler-Pic16F84A\Librerias\LCD.INC
                LCD_Envia   0x00007b    program     static C:\Assembler-Pic16F84A\Librerias\LCD.INC
         LCD_EnviaBlancos   0x0000a0    program     static C:\Assembler-Pic16F84A\Librerias\LCD.INC
       LCD_EnviaByteLetra   0x0000b9    program     static C:\Assembler-Pic16F84A\Librerias\LCD.INC
         LCD_EnviaComando   0x000077    program     static C:\Assembler-Pic16F84A\Librerias\LCD.INC
      LCD_EnviaOtroBlanco   0x0000a1    program     static C:\Assembler-Pic16F84A\Librerias\LCD.INC
           LCD_EscribeLCD   0x000050    program     static C:\Assembler-Pic16F84A\Librerias\LCD.INC
             LCD_FinCGROM   0x000097    program     static C:\Assembler-Pic16F84A\Librerias\LCD.INC
   LCD_FinVisualizaDigito   0x0000bb    program     static C:\Assembler-Pic16F84A\Librerias\LCD.INC
                LCD_Grado   0x000091    program     static C:\Assembler-Pic16F84A\Librerias\LCD.INC
           LCD_Inicializa   0x000038    program     static C:\Assembler-Pic16F84A\Librerias\LCD.INC
               LCD_Linea1   0x000066    program     static C:\Assembler-Pic16F84A\Librerias\LCD.INC
               LCD_Linea2   0x000068    program     static C:\Assembler-Pic16F84A\Librerias\LCD.INC
        LCD_LineaEnBlanco   0x000099    program     static C:\Assembler-Pic16F84A\Librerias\LCD.INC
               LCD_Nibble   0x0000b1    program     static C:\Assembler-Pic16F84A\Librerias\LCD.INC
                  LCD_OFF   0x00006e    program     static C:\Assembler-Pic16F84A\Librerias\LCD.INC
       LCD_PosicionLinea1   0x00006a    program     static C:\Assembler-Pic16F84A\Librerias\LCD.INC
       LCD_PosicionLinea2   0x00006c    program     static C:\Assembler-Pic16F84A\Librerias\LCD.INC
  LCD_TresEspaciosBlancos   0x00009f    program     static C:\Assembler-Pic16F84A\Librerias\LCD.INC
      LCD_UnEspacioBlanco   0x00009b    program     static C:\Assembler-Pic16F84A\Librerias\LCD.INC
        LCD_VisualizaAlto   0x0000ae    program     static C:\Assembler-Pic16F84A\Librerias\LCD.INC
        LCD_VisualizaBajo   0x0000b0    program     static C:\Assembler-Pic16F84A\Librerias\LCD.INC
    R1Decima_BucleExterno   0x0000f9    program     static C:\Assembler-Pic16F84A\Librerias\RETARDOS.INC
   R1Decima_BucleExterno2   0x0000f7    program     static C:\Assembler-Pic16F84A\Librerias\RETARDOS.INC
    R1Decima_BucleInterno   0x0000fb    program     static C:\Assembler-Pic16F84A\Librerias\RETARDOS.INC
        R1ms_BucleExterno   0x0000e3    program     static C:\Assembler-Pic16F84A\Librerias\RETARDOS.INC
        R1ms_BucleInterno   0x0000e5    program     static C:\Assembler-Pic16F84A\Librerias\RETARDOS.INC
            RetardoMicros   0x0000cf    program     static C:\Assembler-Pic16F84A\Librerias\RETARDOS.INC
        Retardo_100micros   0x0000c9    program     static C:\Assembler-Pic16F84A\Librerias\RETARDOS.INC
            Retardo_100ms   0x0000d5    program     static C:\Assembler-Pic16F84A\Librerias\RETARDOS.INC
         Retardo_10micros   0x0000bc    program     static C:\Assembler-Pic16F84A\Librerias\RETARDOS.INC
             Retardo_10ms   0x0000db    program     static C:\Assembler-Pic16F84A\Librerias\RETARDOS.INC
              Retardo_10s   0x0000ed    program     static C:\Assembler-Pic16F84A\Librerias\RETARDOS.INC
          Retardo_1Decima   0x0000f6    program     static C:\Assembler-Pic16F84A\Librerias\RETARDOS.INC
              Retardo_1ms   0x0000e1    program     static C:\Assembler-Pic16F84A\Librerias\RETARDOS.INC
               Retardo_1s   0x0000f3    program     static C:\Assembler-Pic16F84A\Librerias\RETARDOS.INC
        Retardo_200micros   0x0000c6    program     static C:\Assembler-Pic16F84A\Librerias\RETARDOS.INC
            Retardo_200ms   0x0000d3    program     static C:\Assembler-Pic16F84A\Librerias\RETARDOS.INC
         Retardo_20micros   0x0000ce    program     static C:\Assembler-Pic16F84A\Librerias\RETARDOS.INC
             Retardo_20ms   0x0000d9    program     static C:\Assembler-Pic16F84A\Librerias\RETARDOS.INC
              Retardo_20s   0x0000eb    program     static C:\Assembler-Pic16F84A\Librerias\RETARDOS.INC
              Retardo_2ms   0x0000df    program     static C:\Assembler-Pic16F84A\Librerias\RETARDOS.INC
               Retardo_2s   0x0000f1    program     static C:\Assembler-Pic16F84A\Librerias\RETARDOS.INC
          Retardo_4micros   0x0000c2    program     static C:\Assembler-Pic16F84A\Librerias\RETARDOS.INC
        Retardo_500micros   0x0000c3    program     static C:\Assembler-Pic16F84A\Librerias\RETARDOS.INC
            Retardo_500ms   0x0000f5    program     static C:\Assembler-Pic16F84A\Librerias\RETARDOS.INC
         Retardo_50micros   0x0000cb    program     static C:\Assembler-Pic16F84A\Librerias\RETARDOS.INC
             Retardo_50ms   0x0000d7    program     static C:\Assembler-Pic16F84A\Librerias\RETARDOS.INC
          Retardo_5micros   0x0000c1    program     static C:\Assembler-Pic16F84A\Librerias\RETARDOS.INC
              Retardo_5ms   0x0000dd    program     static C:\Assembler-Pic16F84A\Librerias\RETARDOS.INC
               Retardo_5s   0x0000ef    program     static C:\Assembler-Pic16F84A\Librerias\RETARDOS.INC
              Retardos_ms   0x0000e2    program     static C:\Assembler-Pic16F84A\Librerias\RETARDOS.INC
            Rmicros_Bucle   0x0000d0    program     static C:\Assembler-Pic16F84A\Librerias\RETARDOS.INC
                    START   0x000001    program     static C:\SP_PROGRAMAS\U5\ma_lcd_2lineas\LCD.X\LCD.asm



                              Symbols - Sorted by Address
                     Name    Address   Location    Storage File                     
                ---------  ---------  ---------  --------- ---------                
                   INICIO   0x000000    program     static C:\SP_PROGRAMAS\U5\ma_lcd_2lineas\LCD.X\LCD.asm
                    START   0x000001    program     static C:\SP_PROGRAMAS\U5\ma_lcd_2lineas\LCD.X\LCD.asm
           LCD_Inicializa   0x000038    program     static C:\Assembler-Pic16F84A\Librerias\LCD.INC
           LCD_EscribeLCD   0x000050    program     static C:\Assembler-Pic16F84A\Librerias\LCD.INC
           LCD_CursorIncr   0x000064    program     static C:\Assembler-Pic16F84A\Librerias\LCD.INC
               LCD_Linea1   0x000066    program     static C:\Assembler-Pic16F84A\Librerias\LCD.INC
               LCD_Linea2   0x000068    program     static C:\Assembler-Pic16F84A\Librerias\LCD.INC
       LCD_PosicionLinea1   0x00006a    program     static C:\Assembler-Pic16F84A\Librerias\LCD.INC
       LCD_PosicionLinea2   0x00006c    program     static C:\Assembler-Pic16F84A\Librerias\LCD.INC
                  LCD_OFF   0x00006e    program     static C:\Assembler-Pic16F84A\Librerias\LCD.INC
             LCD_CursorON   0x000070    program     static C:\Assembler-Pic16F84A\Librerias\LCD.INC
            LCD_CursorOFF   0x000072    program     static C:\Assembler-Pic16F84A\Librerias\LCD.INC
                LCD_Borra   0x000074    program     static C:\Assembler-Pic16F84A\Librerias\LCD.INC
      LCD_2Lineas4Bits5x7   0x000076    program     static C:\Assembler-Pic16F84A\Librerias\LCD.INC
         LCD_EnviaComando   0x000077    program     static C:\Assembler-Pic16F84A\Librerias\LCD.INC
             LCD_Caracter   0x000079    program     static C:\Assembler-Pic16F84A\Librerias\LCD.INC
                LCD_Envia   0x00007b    program     static C:\Assembler-Pic16F84A\Librerias\LCD.INC
          LCD_CodigoCGROM   0x000083    program     static C:\Assembler-Pic16F84A\Librerias\LCD.INC
        LCD_EnheMinuscula   0x000084    program     static C:\Assembler-Pic16F84A\Librerias\LCD.INC
        LCD_EnheMayuscula   0x00008a    program     static C:\Assembler-Pic16F84A\Librerias\LCD.INC
                LCD_Grado   0x000091    program     static C:\Assembler-Pic16F84A\Librerias\LCD.INC
             LCD_FinCGROM   0x000097    program     static C:\Assembler-Pic16F84A\Librerias\LCD.INC
        LCD_LineaEnBlanco   0x000099    program     static C:\Assembler-Pic16F84A\Librerias\LCD.INC
      LCD_UnEspacioBlanco   0x00009b    program     static C:\Assembler-Pic16F84A\Librerias\LCD.INC
   LCD_DosEspaciosBlancos   0x00009d    program     static C:\Assembler-Pic16F84A\Librerias\LCD.INC
  LCD_TresEspaciosBlancos   0x00009f    program     static C:\Assembler-Pic16F84A\Librerias\LCD.INC
         LCD_EnviaBlancos   0x0000a0    program     static C:\Assembler-Pic16F84A\Librerias\LCD.INC
      LCD_EnviaOtroBlanco   0x0000a1    program     static C:\Assembler-Pic16F84A\Librerias\LCD.INC
                 LCD_Byte   0x0000a6    program     static C:\Assembler-Pic16F84A\Librerias\LCD.INC
         LCD_ByteCompleto   0x0000ad    program     static C:\Assembler-Pic16F84A\Librerias\LCD.INC
        LCD_VisualizaAlto   0x0000ae    program     static C:\Assembler-Pic16F84A\Librerias\LCD.INC
        LCD_VisualizaBajo   0x0000b0    program     static C:\Assembler-Pic16F84A\Librerias\LCD.INC
               LCD_Nibble   0x0000b1    program     static C:\Assembler-Pic16F84A\Librerias\LCD.INC
       LCD_EnviaByteLetra   0x0000b9    program     static C:\Assembler-Pic16F84A\Librerias\LCD.INC
   LCD_FinVisualizaDigito   0x0000bb    program     static C:\Assembler-Pic16F84A\Librerias\LCD.INC
         Retardo_10micros   0x0000bc    program     static C:\Assembler-Pic16F84A\Librerias\RETARDOS.INC
          Retardo_5micros   0x0000c1    program     static C:\Assembler-Pic16F84A\Librerias\RETARDOS.INC
          Retardo_4micros   0x0000c2    program     static C:\Assembler-Pic16F84A\Librerias\RETARDOS.INC
        Retardo_500micros   0x0000c3    program     static C:\Assembler-Pic16F84A\Librerias\RETARDOS.INC
        Retardo_200micros   0x0000c6    program     static C:\Assembler-Pic16F84A\Librerias\RETARDOS.INC
        Retardo_100micros   0x0000c9    program     static C:\Assembler-Pic16F84A\Librerias\RETARDOS.INC
         Retardo_50micros   0x0000cb    program     static C:\Assembler-Pic16F84A\Librerias\RETARDOS.INC
         Retardo_20micros   0x0000ce    program     static C:\Assembler-Pic16F84A\Librerias\RETARDOS.INC
            RetardoMicros   0x0000cf    program     static C:\Assembler-Pic16F84A\Librerias\RETARDOS.INC
            Rmicros_Bucle   0x0000d0    program     static C:\Assembler-Pic16F84A\Librerias\RETARDOS.INC
            Retardo_200ms   0x0000d3    program     static C:\Assembler-Pic16F84A\Librerias\RETARDOS.INC
            Retardo_100ms   0x0000d5    program     static C:\Assembler-Pic16F84A\Librerias\RETARDOS.INC
             Retardo_50ms   0x0000d7    program     static C:\Assembler-Pic16F84A\Librerias\RETARDOS.INC
             Retardo_20ms   0x0000d9    program     static C:\Assembler-Pic16F84A\Librerias\RETARDOS.INC
             Retardo_10ms   0x0000db    program     static C:\Assembler-Pic16F84A\Librerias\RETARDOS.INC
              Retardo_5ms   0x0000dd    program     static C:\Assembler-Pic16F84A\Librerias\RETARDOS.INC
              Retardo_2ms   0x0000df    program     static C:\Assembler-Pic16F84A\Librerias\RETARDOS.INC
              Retardo_1ms   0x0000e1    program     static C:\Assembler-Pic16F84A\Librerias\RETARDOS.INC
              Retardos_ms   0x0000e2    program     static C:\Assembler-Pic16F84A\Librerias\RETARDOS.INC
        R1ms_BucleExterno   0x0000e3    program     static C:\Assembler-Pic16F84A\Librerias\RETARDOS.INC
        R1ms_BucleInterno   0x0000e5    program     static C:\Assembler-Pic16F84A\Librerias\RETARDOS.INC
              Retardo_20s   0x0000eb    program     static C:\Assembler-Pic16F84A\Librerias\RETARDOS.INC
              Retardo_10s   0x0000ed    program     static C:\Assembler-Pic16F84A\Librerias\RETARDOS.INC
               Retardo_5s   0x0000ef    program     static C:\Assembler-Pic16F84A\Librerias\RETARDOS.INC
               Retardo_2s   0x0000f1    program     static C:\Assembler-Pic16F84A\Librerias\RETARDOS.INC
               Retardo_1s   0x0000f3    program     static C:\Assembler-Pic16F84A\Librerias\RETARDOS.INC
            Retardo_500ms   0x0000f5    program     static C:\Assembler-Pic16F84A\Librerias\RETARDOS.INC
          Retardo_1Decima   0x0000f6    program     static C:\Assembler-Pic16F84A\Librerias\RETARDOS.INC
   R1Decima_BucleExterno2   0x0000f7    program     static C:\Assembler-Pic16F84A\Librerias\RETARDOS.INC
    R1Decima_BucleExterno   0x0000f9    program     static C:\Assembler-Pic16F84A\Librerias\RETARDOS.INC
    R1Decima_BucleInterno   0x0000fb    program     static C:\Assembler-Pic16F84A\Librerias\RETARDOS.INC


