MPLINK 5.08, LINKER
Linker Map File - Created Mon May 15 19:26:58 2023

                                 Section Info
                  Section       Type    Address   Location Size(Bytes)
                ---------  ---------  ---------  ---------  ---------
                   .org_0       code   0x000000    program   0x0000a6
                   .cinit    romdata   0x000053    program   0x000004
.config_2007_BUILD/DEFAULT/PRODUCTION/SERVO_M       code   0x002007    program   0x000002



                              Program Memory Usage 
                               Start         End      
                           ---------   ---------      
                            0x000000    0x000054      
                            0x002007    0x002007      
            86 out of 1094 program addresses used, program memory utilization is 7%



                              Symbols - Sorted by Name
                     Name    Address   Location    Storage File                     
                ---------  ---------  ---------  --------- ---------                
                    ATRAS   0x000039    program     static C:\SP_PROGRAMAS\U5\servo_motor_dc\servo_motor_dc.X\servo_motor_dc.asm
                  DERECHA   0x000037    program     static C:\SP_PROGRAMAS\U5\servo_motor_dc\servo_motor_dc.X\servo_motor_dc.asm
                  DETENER   0x00003b    program     static C:\SP_PROGRAMAS\U5\servo_motor_dc\servo_motor_dc.X\servo_motor_dc.asm
                DIRECCION   0x00003d    program     static C:\SP_PROGRAMAS\U5\servo_motor_dc\servo_motor_dc.X\servo_motor_dc.asm
                     HOME   0x000041    program     static C:\SP_PROGRAMAS\U5\servo_motor_dc\servo_motor_dc.X\servo_motor_dc.asm
                   HOME_2   0x000049    program     static C:\SP_PROGRAMAS\U5\servo_motor_dc\servo_motor_dc.X\servo_motor_dc.asm
                   INICIO   0x000000    program     static C:\SP_PROGRAMAS\U5\servo_motor_dc\servo_motor_dc.X\servo_motor_dc.asm
                IZQUIERDA   0x000035    program     static C:\SP_PROGRAMAS\U5\servo_motor_dc\servo_motor_dc.X\servo_motor_dc.asm
                      NOV   0x00004b    program     static C:\SP_PROGRAMAS\U5\servo_motor_dc\servo_motor_dc.X\servo_motor_dc.asm
                   SALIDA   0x000040    program     static C:\SP_PROGRAMAS\U5\servo_motor_dc\servo_motor_dc.X\servo_motor_dc.asm
                    START   0x00000a    program     static C:\SP_PROGRAMAS\U5\servo_motor_dc\servo_motor_dc.X\servo_motor_dc.asm
              TIMEOF_15MS   0x000029    program     static C:\SP_PROGRAMAS\U5\servo_motor_dc\servo_motor_dc.X\servo_motor_dc.asm
              TIMEOF_16MS   0x00002f    program     static C:\SP_PROGRAMAS\U5\servo_motor_dc\servo_motor_dc.X\servo_motor_dc.asm
               TIMEOF_1MS   0x000017    program     static C:\SP_PROGRAMAS\U5\servo_motor_dc\servo_motor_dc.X\servo_motor_dc.asm
               TIMEOF_2MS   0x00001d    program     static C:\SP_PROGRAMAS\U5\servo_motor_dc\servo_motor_dc.X\servo_motor_dc.asm
               TIMEOF_4MS   0x000023    program     static C:\SP_PROGRAMAS\U5\servo_motor_dc\servo_motor_dc.X\servo_motor_dc.asm
             TIMEOF_500US   0x000011    program     static C:\SP_PROGRAMAS\U5\servo_motor_dc\servo_motor_dc.X\servo_motor_dc.asm
                 TIME_REB   0x000014    program     static C:\SP_PROGRAMAS\U5\servo_motor_dc\servo_motor_dc.X\servo_motor_dc.asm
                TIME_REB2   0x00001a    program     static C:\SP_PROGRAMAS\U5\servo_motor_dc\servo_motor_dc.X\servo_motor_dc.asm
                TIME_REB3   0x000020    program     static C:\SP_PROGRAMAS\U5\servo_motor_dc\servo_motor_dc.X\servo_motor_dc.asm
                TIME_REB4   0x000026    program     static C:\SP_PROGRAMAS\U5\servo_motor_dc\servo_motor_dc.X\servo_motor_dc.asm
                TIME_REB5   0x00002c    program     static C:\SP_PROGRAMAS\U5\servo_motor_dc\servo_motor_dc.X\servo_motor_dc.asm
                TIME_REB6   0x000032    program     static C:\SP_PROGRAMAS\U5\servo_motor_dc\servo_motor_dc.X\servo_motor_dc.asm
                      ZER   0x000043    program     static C:\SP_PROGRAMAS\U5\servo_motor_dc\servo_motor_dc.X\servo_motor_dc.asm



                              Symbols - Sorted by Address
                     Name    Address   Location    Storage File                     
                ---------  ---------  ---------  --------- ---------                
                   INICIO   0x000000    program     static C:\SP_PROGRAMAS\U5\servo_motor_dc\servo_motor_dc.X\servo_motor_dc.asm
                    START   0x00000a    program     static C:\SP_PROGRAMAS\U5\servo_motor_dc\servo_motor_dc.X\servo_motor_dc.asm
             TIMEOF_500US   0x000011    program     static C:\SP_PROGRAMAS\U5\servo_motor_dc\servo_motor_dc.X\servo_motor_dc.asm
                 TIME_REB   0x000014    program     static C:\SP_PROGRAMAS\U5\servo_motor_dc\servo_motor_dc.X\servo_motor_dc.asm
               TIMEOF_1MS   0x000017    program     static C:\SP_PROGRAMAS\U5\servo_motor_dc\servo_motor_dc.X\servo_motor_dc.asm
                TIME_REB2   0x00001a    program     static C:\SP_PROGRAMAS\U5\servo_motor_dc\servo_motor_dc.X\servo_motor_dc.asm
               TIMEOF_2MS   0x00001d    program     static C:\SP_PROGRAMAS\U5\servo_motor_dc\servo_motor_dc.X\servo_motor_dc.asm
                TIME_REB3   0x000020    program     static C:\SP_PROGRAMAS\U5\servo_motor_dc\servo_motor_dc.X\servo_motor_dc.asm
               TIMEOF_4MS   0x000023    program     static C:\SP_PROGRAMAS\U5\servo_motor_dc\servo_motor_dc.X\servo_motor_dc.asm
                TIME_REB4   0x000026    program     static C:\SP_PROGRAMAS\U5\servo_motor_dc\servo_motor_dc.X\servo_motor_dc.asm
              TIMEOF_15MS   0x000029    program     static C:\SP_PROGRAMAS\U5\servo_motor_dc\servo_motor_dc.X\servo_motor_dc.asm
                TIME_REB5   0x00002c    program     static C:\SP_PROGRAMAS\U5\servo_motor_dc\servo_motor_dc.X\servo_motor_dc.asm
              TIMEOF_16MS   0x00002f    program     static C:\SP_PROGRAMAS\U5\servo_motor_dc\servo_motor_dc.X\servo_motor_dc.asm
                TIME_REB6   0x000032    program     static C:\SP_PROGRAMAS\U5\servo_motor_dc\servo_motor_dc.X\servo_motor_dc.asm
                IZQUIERDA   0x000035    program     static C:\SP_PROGRAMAS\U5\servo_motor_dc\servo_motor_dc.X\servo_motor_dc.asm
                  DERECHA   0x000037    program     static C:\SP_PROGRAMAS\U5\servo_motor_dc\servo_motor_dc.X\servo_motor_dc.asm
                    ATRAS   0x000039    program     static C:\SP_PROGRAMAS\U5\servo_motor_dc\servo_motor_dc.X\servo_motor_dc.asm
                  DETENER   0x00003b    program     static C:\SP_PROGRAMAS\U5\servo_motor_dc\servo_motor_dc.X\servo_motor_dc.asm
                DIRECCION   0x00003d    program     static C:\SP_PROGRAMAS\U5\servo_motor_dc\servo_motor_dc.X\servo_motor_dc.asm
                   SALIDA   0x000040    program     static C:\SP_PROGRAMAS\U5\servo_motor_dc\servo_motor_dc.X\servo_motor_dc.asm
                     HOME   0x000041    program     static C:\SP_PROGRAMAS\U5\servo_motor_dc\servo_motor_dc.X\servo_motor_dc.asm
                      ZER   0x000043    program     static C:\SP_PROGRAMAS\U5\servo_motor_dc\servo_motor_dc.X\servo_motor_dc.asm
                   HOME_2   0x000049    program     static C:\SP_PROGRAMAS\U5\servo_motor_dc\servo_motor_dc.X\servo_motor_dc.asm
                      NOV   0x00004b    program     static C:\SP_PROGRAMAS\U5\servo_motor_dc\servo_motor_dc.X\servo_motor_dc.asm


