MPLINK 5.08, LINKER
Linker Map File - Created Tue May 09 18:49:10 2023

                                 Section Info
                  Section       Type    Address   Location Size(Bytes)
                ---------  ---------  ---------  ---------  ---------
                   .org_0       code   0x000000    program   0x0002f0
                   .cinit    romdata   0x000178    program   0x000004
.config_2007_BUILD/DEFAULT/PRODUCTION/BOMBA.O       code   0x002007    program   0x000002



                              Program Memory Usage 
                               Start         End      
                           ---------   ---------      
                            0x000000    0x000179      
                            0x002007    0x002007      
            379 out of 1094 program addresses used, program memory utilization is 34%



                              Symbols - Sorted by Name
                     Name    Address   Location    Storage File                     
                ---------  ---------  ---------  --------- ---------                
                    BOMBA   0x000006    program     static C:\SP_PROGRAMAS_UNIDAD4\BOMBA\BOMBA.X\BOMBA.asm
                   BOMBA2   0x00002d    program     static C:\SP_PROGRAMAS_UNIDAD4\BOMBA\BOMBA.X\BOMBA.asm
                ENTRADA_0   0x000060    program     static C:\SP_PROGRAMAS_UNIDAD4\BOMBA\BOMBA.X\BOMBA.asm
                ENTRADA_1   0x00006f    program     static C:\SP_PROGRAMAS_UNIDAD4\BOMBA\BOMBA.X\BOMBA.asm
                ENTRADA_2   0x000082    program     static C:\SP_PROGRAMAS_UNIDAD4\BOMBA\BOMBA.X\BOMBA.asm
                ENTRADA_3   0x000097    program     static C:\SP_PROGRAMAS_UNIDAD4\BOMBA\BOMBA.X\BOMBA.asm
                   INICIO   0x000000    program     static C:\SP_PROGRAMAS_UNIDAD4\BOMBA\BOMBA.X\BOMBA.asm
      LCD_2Lineas4Bits5x7   0x000132    program     static C:\SP_PROGRAMAS_UNIDAD4\Assembler-Pic16F84A\Librerias\LCD.INC
                LCD_Borra   0x000130    program     static C:\SP_PROGRAMAS_UNIDAD4\Assembler-Pic16F84A\Librerias\LCD.INC
                 LCD_Byte   0x000162    program     static C:\SP_PROGRAMAS_UNIDAD4\Assembler-Pic16F84A\Librerias\LCD.INC
         LCD_ByteCompleto   0x000169    program     static C:\SP_PROGRAMAS_UNIDAD4\Assembler-Pic16F84A\Librerias\LCD.INC
             LCD_Caracter   0x000135    program     static C:\SP_PROGRAMAS_UNIDAD4\Assembler-Pic16F84A\Librerias\LCD.INC
          LCD_CodigoCGROM   0x00013f    program     static C:\SP_PROGRAMAS_UNIDAD4\Assembler-Pic16F84A\Librerias\LCD.INC
           LCD_CursorIncr   0x000120    program     static C:\SP_PROGRAMAS_UNIDAD4\Assembler-Pic16F84A\Librerias\LCD.INC
            LCD_CursorOFF   0x00012e    program     static C:\SP_PROGRAMAS_UNIDAD4\Assembler-Pic16F84A\Librerias\LCD.INC
             LCD_CursorON   0x00012c    program     static C:\SP_PROGRAMAS_UNIDAD4\Assembler-Pic16F84A\Librerias\LCD.INC
   LCD_DosEspaciosBlancos   0x000159    program     static C:\SP_PROGRAMAS_UNIDAD4\Assembler-Pic16F84A\Librerias\LCD.INC
        LCD_EnheMayuscula   0x000146    program     static C:\SP_PROGRAMAS_UNIDAD4\Assembler-Pic16F84A\Librerias\LCD.INC
        LCD_EnheMinuscula   0x000140    program     static C:\SP_PROGRAMAS_UNIDAD4\Assembler-Pic16F84A\Librerias\LCD.INC
                LCD_Envia   0x000137    program     static C:\SP_PROGRAMAS_UNIDAD4\Assembler-Pic16F84A\Librerias\LCD.INC
         LCD_EnviaBlancos   0x00015c    program     static C:\SP_PROGRAMAS_UNIDAD4\Assembler-Pic16F84A\Librerias\LCD.INC
       LCD_EnviaByteLetra   0x000175    program     static C:\SP_PROGRAMAS_UNIDAD4\Assembler-Pic16F84A\Librerias\LCD.INC
         LCD_EnviaComando   0x000133    program     static C:\SP_PROGRAMAS_UNIDAD4\Assembler-Pic16F84A\Librerias\LCD.INC
      LCD_EnviaOtroBlanco   0x00015d    program     static C:\SP_PROGRAMAS_UNIDAD4\Assembler-Pic16F84A\Librerias\LCD.INC
           LCD_EscribeLCD   0x00010c    program     static C:\SP_PROGRAMAS_UNIDAD4\Assembler-Pic16F84A\Librerias\LCD.INC
             LCD_FinCGROM   0x000153    program     static C:\SP_PROGRAMAS_UNIDAD4\Assembler-Pic16F84A\Librerias\LCD.INC
   LCD_FinVisualizaDigito   0x000177    program     static C:\SP_PROGRAMAS_UNIDAD4\Assembler-Pic16F84A\Librerias\LCD.INC
                LCD_Grado   0x00014d    program     static C:\SP_PROGRAMAS_UNIDAD4\Assembler-Pic16F84A\Librerias\LCD.INC
           LCD_Inicializa   0x0000f4    program     static C:\SP_PROGRAMAS_UNIDAD4\Assembler-Pic16F84A\Librerias\LCD.INC
               LCD_Linea1   0x000122    program     static C:\SP_PROGRAMAS_UNIDAD4\Assembler-Pic16F84A\Librerias\LCD.INC
               LCD_Linea2   0x000124    program     static C:\SP_PROGRAMAS_UNIDAD4\Assembler-Pic16F84A\Librerias\LCD.INC
        LCD_LineaEnBlanco   0x000155    program     static C:\SP_PROGRAMAS_UNIDAD4\Assembler-Pic16F84A\Librerias\LCD.INC
               LCD_Nibble   0x00016d    program     static C:\SP_PROGRAMAS_UNIDAD4\Assembler-Pic16F84A\Librerias\LCD.INC
                  LCD_OFF   0x00012a    program     static C:\SP_PROGRAMAS_UNIDAD4\Assembler-Pic16F84A\Librerias\LCD.INC
       LCD_PosicionLinea1   0x000126    program     static C:\SP_PROGRAMAS_UNIDAD4\Assembler-Pic16F84A\Librerias\LCD.INC
       LCD_PosicionLinea2   0x000128    program     static C:\SP_PROGRAMAS_UNIDAD4\Assembler-Pic16F84A\Librerias\LCD.INC
  LCD_TresEspaciosBlancos   0x00015b    program     static C:\SP_PROGRAMAS_UNIDAD4\Assembler-Pic16F84A\Librerias\LCD.INC
      LCD_UnEspacioBlanco   0x000157    program     static C:\SP_PROGRAMAS_UNIDAD4\Assembler-Pic16F84A\Librerias\LCD.INC
        LCD_VisualizaAlto   0x00016a    program     static C:\SP_PROGRAMAS_UNIDAD4\Assembler-Pic16F84A\Librerias\LCD.INC
        LCD_VisualizaBajo   0x00016c    program     static C:\SP_PROGRAMAS_UNIDAD4\Assembler-Pic16F84A\Librerias\LCD.INC
                  PRUEBA2   0x00005d    program     static C:\SP_PROGRAMAS_UNIDAD4\BOMBA\BOMBA.X\BOMBA.asm
               PULSADORES   0x000056    program     static C:\SP_PROGRAMAS_UNIDAD4\BOMBA\BOMBA.X\BOMBA.asm
    R1Decima_BucleExterno   0x0000ea    program     static C:\SP_PROGRAMAS_UNIDAD4\Assembler-Pic16F84A\Librerias\RETARDOS.INC
   R1Decima_BucleExterno2   0x0000e8    program     static C:\SP_PROGRAMAS_UNIDAD4\Assembler-Pic16F84A\Librerias\RETARDOS.INC
    R1Decima_BucleInterno   0x0000ec    program     static C:\SP_PROGRAMAS_UNIDAD4\Assembler-Pic16F84A\Librerias\RETARDOS.INC
        R1ms_BucleExterno   0x0000d4    program     static C:\SP_PROGRAMAS_UNIDAD4\Assembler-Pic16F84A\Librerias\RETARDOS.INC
        R1ms_BucleInterno   0x0000d6    program     static C:\SP_PROGRAMAS_UNIDAD4\Assembler-Pic16F84A\Librerias\RETARDOS.INC
            RetardoMicros   0x0000c0    program     static C:\SP_PROGRAMAS_UNIDAD4\Assembler-Pic16F84A\Librerias\RETARDOS.INC
        Retardo_100micros   0x0000ba    program     static C:\SP_PROGRAMAS_UNIDAD4\Assembler-Pic16F84A\Librerias\RETARDOS.INC
            Retardo_100ms   0x0000c6    program     static C:\SP_PROGRAMAS_UNIDAD4\Assembler-Pic16F84A\Librerias\RETARDOS.INC
         Retardo_10micros   0x0000ad    program     static C:\SP_PROGRAMAS_UNIDAD4\Assembler-Pic16F84A\Librerias\RETARDOS.INC
             Retardo_10ms   0x0000cc    program     static C:\SP_PROGRAMAS_UNIDAD4\Assembler-Pic16F84A\Librerias\RETARDOS.INC
              Retardo_10s   0x0000de    program     static C:\SP_PROGRAMAS_UNIDAD4\Assembler-Pic16F84A\Librerias\RETARDOS.INC
          Retardo_1Decima   0x0000e7    program     static C:\SP_PROGRAMAS_UNIDAD4\Assembler-Pic16F84A\Librerias\RETARDOS.INC
              Retardo_1ms   0x0000d2    program     static C:\SP_PROGRAMAS_UNIDAD4\Assembler-Pic16F84A\Librerias\RETARDOS.INC
               Retardo_1s   0x0000e4    program     static C:\SP_PROGRAMAS_UNIDAD4\Assembler-Pic16F84A\Librerias\RETARDOS.INC
        Retardo_200micros   0x0000b7    program     static C:\SP_PROGRAMAS_UNIDAD4\Assembler-Pic16F84A\Librerias\RETARDOS.INC
            Retardo_200ms   0x0000c4    program     static C:\SP_PROGRAMAS_UNIDAD4\Assembler-Pic16F84A\Librerias\RETARDOS.INC
         Retardo_20micros   0x0000bf    program     static C:\SP_PROGRAMAS_UNIDAD4\Assembler-Pic16F84A\Librerias\RETARDOS.INC
             Retardo_20ms   0x0000ca    program     static C:\SP_PROGRAMAS_UNIDAD4\Assembler-Pic16F84A\Librerias\RETARDOS.INC
              Retardo_20s   0x0000dc    program     static C:\SP_PROGRAMAS_UNIDAD4\Assembler-Pic16F84A\Librerias\RETARDOS.INC
              Retardo_2ms   0x0000d0    program     static C:\SP_PROGRAMAS_UNIDAD4\Assembler-Pic16F84A\Librerias\RETARDOS.INC
               Retardo_2s   0x0000e2    program     static C:\SP_PROGRAMAS_UNIDAD4\Assembler-Pic16F84A\Librerias\RETARDOS.INC
          Retardo_4micros   0x0000b3    program     static C:\SP_PROGRAMAS_UNIDAD4\Assembler-Pic16F84A\Librerias\RETARDOS.INC
        Retardo_500micros   0x0000b4    program     static C:\SP_PROGRAMAS_UNIDAD4\Assembler-Pic16F84A\Librerias\RETARDOS.INC
            Retardo_500ms   0x0000e6    program     static C:\SP_PROGRAMAS_UNIDAD4\Assembler-Pic16F84A\Librerias\RETARDOS.INC
         Retardo_50micros   0x0000bc    program     static C:\SP_PROGRAMAS_UNIDAD4\Assembler-Pic16F84A\Librerias\RETARDOS.INC
             Retardo_50ms   0x0000c8    program     static C:\SP_PROGRAMAS_UNIDAD4\Assembler-Pic16F84A\Librerias\RETARDOS.INC
          Retardo_5micros   0x0000b2    program     static C:\SP_PROGRAMAS_UNIDAD4\Assembler-Pic16F84A\Librerias\RETARDOS.INC
              Retardo_5ms   0x0000ce    program     static C:\SP_PROGRAMAS_UNIDAD4\Assembler-Pic16F84A\Librerias\RETARDOS.INC
               Retardo_5s   0x0000e0    program     static C:\SP_PROGRAMAS_UNIDAD4\Assembler-Pic16F84A\Librerias\RETARDOS.INC
              Retardos_ms   0x0000d3    program     static C:\SP_PROGRAMAS_UNIDAD4\Assembler-Pic16F84A\Librerias\RETARDOS.INC
            Rmicros_Bucle   0x0000c1    program     static C:\SP_PROGRAMAS_UNIDAD4\Assembler-Pic16F84A\Librerias\RETARDOS.INC



                              Symbols - Sorted by Address
                     Name    Address   Location    Storage File                     
                ---------  ---------  ---------  --------- ---------                
                   INICIO   0x000000    program     static C:\SP_PROGRAMAS_UNIDAD4\BOMBA\BOMBA.X\BOMBA.asm
                    BOMBA   0x000006    program     static C:\SP_PROGRAMAS_UNIDAD4\BOMBA\BOMBA.X\BOMBA.asm
                   BOMBA2   0x00002d    program     static C:\SP_PROGRAMAS_UNIDAD4\BOMBA\BOMBA.X\BOMBA.asm
               PULSADORES   0x000056    program     static C:\SP_PROGRAMAS_UNIDAD4\BOMBA\BOMBA.X\BOMBA.asm
                  PRUEBA2   0x00005d    program     static C:\SP_PROGRAMAS_UNIDAD4\BOMBA\BOMBA.X\BOMBA.asm
                ENTRADA_0   0x000060    program     static C:\SP_PROGRAMAS_UNIDAD4\BOMBA\BOMBA.X\BOMBA.asm
                ENTRADA_1   0x00006f    program     static C:\SP_PROGRAMAS_UNIDAD4\BOMBA\BOMBA.X\BOMBA.asm
                ENTRADA_2   0x000082    program     static C:\SP_PROGRAMAS_UNIDAD4\BOMBA\BOMBA.X\BOMBA.asm
                ENTRADA_3   0x000097    program     static C:\SP_PROGRAMAS_UNIDAD4\BOMBA\BOMBA.X\BOMBA.asm
         Retardo_10micros   0x0000ad    program     static C:\SP_PROGRAMAS_UNIDAD4\Assembler-Pic16F84A\Librerias\RETARDOS.INC
          Retardo_5micros   0x0000b2    program     static C:\SP_PROGRAMAS_UNIDAD4\Assembler-Pic16F84A\Librerias\RETARDOS.INC
          Retardo_4micros   0x0000b3    program     static C:\SP_PROGRAMAS_UNIDAD4\Assembler-Pic16F84A\Librerias\RETARDOS.INC
        Retardo_500micros   0x0000b4    program     static C:\SP_PROGRAMAS_UNIDAD4\Assembler-Pic16F84A\Librerias\RETARDOS.INC
        Retardo_200micros   0x0000b7    program     static C:\SP_PROGRAMAS_UNIDAD4\Assembler-Pic16F84A\Librerias\RETARDOS.INC
        Retardo_100micros   0x0000ba    program     static C:\SP_PROGRAMAS_UNIDAD4\Assembler-Pic16F84A\Librerias\RETARDOS.INC
         Retardo_50micros   0x0000bc    program     static C:\SP_PROGRAMAS_UNIDAD4\Assembler-Pic16F84A\Librerias\RETARDOS.INC
         Retardo_20micros   0x0000bf    program     static C:\SP_PROGRAMAS_UNIDAD4\Assembler-Pic16F84A\Librerias\RETARDOS.INC
            RetardoMicros   0x0000c0    program     static C:\SP_PROGRAMAS_UNIDAD4\Assembler-Pic16F84A\Librerias\RETARDOS.INC
            Rmicros_Bucle   0x0000c1    program     static C:\SP_PROGRAMAS_UNIDAD4\Assembler-Pic16F84A\Librerias\RETARDOS.INC
            Retardo_200ms   0x0000c4    program     static C:\SP_PROGRAMAS_UNIDAD4\Assembler-Pic16F84A\Librerias\RETARDOS.INC
            Retardo_100ms   0x0000c6    program     static C:\SP_PROGRAMAS_UNIDAD4\Assembler-Pic16F84A\Librerias\RETARDOS.INC
             Retardo_50ms   0x0000c8    program     static C:\SP_PROGRAMAS_UNIDAD4\Assembler-Pic16F84A\Librerias\RETARDOS.INC
             Retardo_20ms   0x0000ca    program     static C:\SP_PROGRAMAS_UNIDAD4\Assembler-Pic16F84A\Librerias\RETARDOS.INC
             Retardo_10ms   0x0000cc    program     static C:\SP_PROGRAMAS_UNIDAD4\Assembler-Pic16F84A\Librerias\RETARDOS.INC
              Retardo_5ms   0x0000ce    program     static C:\SP_PROGRAMAS_UNIDAD4\Assembler-Pic16F84A\Librerias\RETARDOS.INC
              Retardo_2ms   0x0000d0    program     static C:\SP_PROGRAMAS_UNIDAD4\Assembler-Pic16F84A\Librerias\RETARDOS.INC
              Retardo_1ms   0x0000d2    program     static C:\SP_PROGRAMAS_UNIDAD4\Assembler-Pic16F84A\Librerias\RETARDOS.INC
              Retardos_ms   0x0000d3    program     static C:\SP_PROGRAMAS_UNIDAD4\Assembler-Pic16F84A\Librerias\RETARDOS.INC
        R1ms_BucleExterno   0x0000d4    program     static C:\SP_PROGRAMAS_UNIDAD4\Assembler-Pic16F84A\Librerias\RETARDOS.INC
        R1ms_BucleInterno   0x0000d6    program     static C:\SP_PROGRAMAS_UNIDAD4\Assembler-Pic16F84A\Librerias\RETARDOS.INC
              Retardo_20s   0x0000dc    program     static C:\SP_PROGRAMAS_UNIDAD4\Assembler-Pic16F84A\Librerias\RETARDOS.INC
              Retardo_10s   0x0000de    program     static C:\SP_PROGRAMAS_UNIDAD4\Assembler-Pic16F84A\Librerias\RETARDOS.INC
               Retardo_5s   0x0000e0    program     static C:\SP_PROGRAMAS_UNIDAD4\Assembler-Pic16F84A\Librerias\RETARDOS.INC
               Retardo_2s   0x0000e2    program     static C:\SP_PROGRAMAS_UNIDAD4\Assembler-Pic16F84A\Librerias\RETARDOS.INC
               Retardo_1s   0x0000e4    program     static C:\SP_PROGRAMAS_UNIDAD4\Assembler-Pic16F84A\Librerias\RETARDOS.INC
            Retardo_500ms   0x0000e6    program     static C:\SP_PROGRAMAS_UNIDAD4\Assembler-Pic16F84A\Librerias\RETARDOS.INC
          Retardo_1Decima   0x0000e7    program     static C:\SP_PROGRAMAS_UNIDAD4\Assembler-Pic16F84A\Librerias\RETARDOS.INC
   R1Decima_BucleExterno2   0x0000e8    program     static C:\SP_PROGRAMAS_UNIDAD4\Assembler-Pic16F84A\Librerias\RETARDOS.INC
    R1Decima_BucleExterno   0x0000ea    program     static C:\SP_PROGRAMAS_UNIDAD4\Assembler-Pic16F84A\Librerias\RETARDOS.INC
    R1Decima_BucleInterno   0x0000ec    program     static C:\SP_PROGRAMAS_UNIDAD4\Assembler-Pic16F84A\Librerias\RETARDOS.INC
           LCD_Inicializa   0x0000f4    program     static C:\SP_PROGRAMAS_UNIDAD4\Assembler-Pic16F84A\Librerias\LCD.INC
           LCD_EscribeLCD   0x00010c    program     static C:\SP_PROGRAMAS_UNIDAD4\Assembler-Pic16F84A\Librerias\LCD.INC
           LCD_CursorIncr   0x000120    program     static C:\SP_PROGRAMAS_UNIDAD4\Assembler-Pic16F84A\Librerias\LCD.INC
               LCD_Linea1   0x000122    program     static C:\SP_PROGRAMAS_UNIDAD4\Assembler-Pic16F84A\Librerias\LCD.INC
               LCD_Linea2   0x000124    program     static C:\SP_PROGRAMAS_UNIDAD4\Assembler-Pic16F84A\Librerias\LCD.INC
       LCD_PosicionLinea1   0x000126    program     static C:\SP_PROGRAMAS_UNIDAD4\Assembler-Pic16F84A\Librerias\LCD.INC
       LCD_PosicionLinea2   0x000128    program     static C:\SP_PROGRAMAS_UNIDAD4\Assembler-Pic16F84A\Librerias\LCD.INC
                  LCD_OFF   0x00012a    program     static C:\SP_PROGRAMAS_UNIDAD4\Assembler-Pic16F84A\Librerias\LCD.INC
             LCD_CursorON   0x00012c    program     static C:\SP_PROGRAMAS_UNIDAD4\Assembler-Pic16F84A\Librerias\LCD.INC
            LCD_CursorOFF   0x00012e    program     static C:\SP_PROGRAMAS_UNIDAD4\Assembler-Pic16F84A\Librerias\LCD.INC
                LCD_Borra   0x000130    program     static C:\SP_PROGRAMAS_UNIDAD4\Assembler-Pic16F84A\Librerias\LCD.INC
      LCD_2Lineas4Bits5x7   0x000132    program     static C:\SP_PROGRAMAS_UNIDAD4\Assembler-Pic16F84A\Librerias\LCD.INC
         LCD_EnviaComando   0x000133    program     static C:\SP_PROGRAMAS_UNIDAD4\Assembler-Pic16F84A\Librerias\LCD.INC
             LCD_Caracter   0x000135    program     static C:\SP_PROGRAMAS_UNIDAD4\Assembler-Pic16F84A\Librerias\LCD.INC
                LCD_Envia   0x000137    program     static C:\SP_PROGRAMAS_UNIDAD4\Assembler-Pic16F84A\Librerias\LCD.INC
          LCD_CodigoCGROM   0x00013f    program     static C:\SP_PROGRAMAS_UNIDAD4\Assembler-Pic16F84A\Librerias\LCD.INC
        LCD_EnheMinuscula   0x000140    program     static C:\SP_PROGRAMAS_UNIDAD4\Assembler-Pic16F84A\Librerias\LCD.INC
        LCD_EnheMayuscula   0x000146    program     static C:\SP_PROGRAMAS_UNIDAD4\Assembler-Pic16F84A\Librerias\LCD.INC
                LCD_Grado   0x00014d    program     static C:\SP_PROGRAMAS_UNIDAD4\Assembler-Pic16F84A\Librerias\LCD.INC
             LCD_FinCGROM   0x000153    program     static C:\SP_PROGRAMAS_UNIDAD4\Assembler-Pic16F84A\Librerias\LCD.INC
        LCD_LineaEnBlanco   0x000155    program     static C:\SP_PROGRAMAS_UNIDAD4\Assembler-Pic16F84A\Librerias\LCD.INC
      LCD_UnEspacioBlanco   0x000157    program     static C:\SP_PROGRAMAS_UNIDAD4\Assembler-Pic16F84A\Librerias\LCD.INC
   LCD_DosEspaciosBlancos   0x000159    program     static C:\SP_PROGRAMAS_UNIDAD4\Assembler-Pic16F84A\Librerias\LCD.INC
  LCD_TresEspaciosBlancos   0x00015b    program     static C:\SP_PROGRAMAS_UNIDAD4\Assembler-Pic16F84A\Librerias\LCD.INC
         LCD_EnviaBlancos   0x00015c    program     static C:\SP_PROGRAMAS_UNIDAD4\Assembler-Pic16F84A\Librerias\LCD.INC
      LCD_EnviaOtroBlanco   0x00015d    program     static C:\SP_PROGRAMAS_UNIDAD4\Assembler-Pic16F84A\Librerias\LCD.INC
                 LCD_Byte   0x000162    program     static C:\SP_PROGRAMAS_UNIDAD4\Assembler-Pic16F84A\Librerias\LCD.INC
         LCD_ByteCompleto   0x000169    program     static C:\SP_PROGRAMAS_UNIDAD4\Assembler-Pic16F84A\Librerias\LCD.INC
        LCD_VisualizaAlto   0x00016a    program     static C:\SP_PROGRAMAS_UNIDAD4\Assembler-Pic16F84A\Librerias\LCD.INC
        LCD_VisualizaBajo   0x00016c    program     static C:\SP_PROGRAMAS_UNIDAD4\Assembler-Pic16F84A\Librerias\LCD.INC
               LCD_Nibble   0x00016d    program     static C:\SP_PROGRAMAS_UNIDAD4\Assembler-Pic16F84A\Librerias\LCD.INC
       LCD_EnviaByteLetra   0x000175    program     static C:\SP_PROGRAMAS_UNIDAD4\Assembler-Pic16F84A\Librerias\LCD.INC
   LCD_FinVisualizaDigito   0x000177    program     static C:\SP_PROGRAMAS_UNIDAD4\Assembler-Pic16F84A\Librerias\LCD.INC


