MPLINK 5.08, LINKER
Linker Map File - Created Fri May 05 11:11:57 2023

                                 Section Info
                  Section       Type    Address   Location Size(Bytes)
                ---------  ---------  ---------  ---------  ---------
                   .org_0       code   0x000000    program   0x0002cc
                   .cinit    romdata   0x000166    program   0x000004



                              Program Memory Usage 
                               Start         End      
                           ---------   ---------      
                            0x000000    0x000167      
            360 out of 1094 program addresses used, program memory utilization is 32%



                              Symbols - Sorted by Name
                     Name    Address   Location    Storage File                     
                ---------  ---------  ---------  --------- ---------                
                    bucle   0x000163    program     static C:\SP_PROGRAMAS_UNIDAD4\ALU\ALU.X\ALU.asm
                 division   0x000141    program     static C:\SP_PROGRAMAS_UNIDAD4\ALU\ALU.X\ALU.asm
                    final   0x000166    program     static C:\SP_PROGRAMAS_UNIDAD4\ALU\ALU.X\ALU.asm
           multiplicacion   0x000120    program     static C:\SP_PROGRAMAS_UNIDAD4\ALU\ALU.X\ALU.asm
                     temp   0x000162    program     static C:\SP_PROGRAMAS_UNIDAD4\ALU\ALU.X\ALU.asm



                              Symbols - Sorted by Address
                     Name    Address   Location    Storage File                     
                ---------  ---------  ---------  --------- ---------                
           multiplicacion   0x000120    program     static C:\SP_PROGRAMAS_UNIDAD4\ALU\ALU.X\ALU.asm
                 division   0x000141    program     static C:\SP_PROGRAMAS_UNIDAD4\ALU\ALU.X\ALU.asm
                     temp   0x000162    program     static C:\SP_PROGRAMAS_UNIDAD4\ALU\ALU.X\ALU.asm
                    bucle   0x000163    program     static C:\SP_PROGRAMAS_UNIDAD4\ALU\ALU.X\ALU.asm
                    final   0x000166    program     static C:\SP_PROGRAMAS_UNIDAD4\ALU\ALU.X\ALU.asm


